2025-11-04 15:52:19 [INFO]: 🤖 Инициализация defaultBot: {"description":"DefaultBot initialization","tokenLength":46}
2025-11-04 15:52:19 [INFO]: 🌟 Инициализировано ботов: {"description":"Bots initialized","count":10,"bot_names":["neuro_blogger_bot","MetaMuse_Manifest_bot","ZavaraBot","LeeSolarbot","NeuroLenaAssistant_bot","NeurostylistShtogrina_bot","Gaia_Kamskaia_bot","Kaya_easy_art_bot","AI_STARS_bot","HaimGroupMedia_bot"]}
2025-11-04 15:52:19 [INFO]: 🤖 Инициализация pulseBot: {"description":"PulseBot initialization","tokenLength":46}
2025-11-04 15:52:19 [INFO]: 🔄 Использован алиас режима {"description":"Mode alias used","originalMode":"neuro_photo_v2","normalizedMode":"neuro_photo_v2"}
2025-11-04 15:52:19 [INFO]: 🔧 [INNGEST PROVIDER] Initializing...
2025-11-04 15:52:19 [INFO]: ⏳ [INNGEST PROVIDER] Lazy initialization enabled
2025-11-04 15:52:19 [INFO]: 📦 [RENDER CLIENT] Module loaded, inngestProvider imported
2025-11-04 15:52:19 [INFO]: 📦 [AI REELS RENDER WIZARD] Module loaded
2025-11-04 15:52:19 [INFO]: 🚨 AI Photoshop: Scene module loading...
2025-11-04 15:52:19 [INFO]: Safe console logging enabled - Buffer data will be sanitized
2025-11-04 15:52:19 [INFO]: 🚀 Инициализация ГЛОБАЛЬНОЙ системы уведомлений...
2025-11-04 15:52:19 [INFO]: ✅ ГЛОБАЛЬНАЯ система уведомлений успешно запущена (одиночная инициализация)
2025-11-04 15:52:19 [INFO]: Registering bot commands and handlers
2025-11-04 15:52:19 [INFO]: 🔧 [DEBUG] REGISTERING /instagram command handler NOW!
2025-11-04 15:52:19 [INFO]: 🔧 [MULTI-PHOTO] Registering multi-photo action handlers
2025-11-04 15:52:19 [INFO]: ✅ Multi-photo action handlers registered successfully
2025-11-04 15:52:19 [INFO]: 🔧 [HEARS] Registering global hears handlers for menu buttons
2025-11-04 15:52:19 [INFO]: Настройка обработчиков hears...
2025-11-04 15:52:19 [INFO]: 🔧 [DEBUG] registerCommands FUNCTION COMPLETED SUCCESSFULLY!
2025-11-04 15:52:22 [INFO]: [LanguageMiddleware] 🌍 LANGUAGE MIDDLEWARE STARTED: {"telegramId":"144022504","telegramLanguage":"ru","hasSession":false}
2025-11-04 15:52:22 [INFO]: [LanguageMiddleware] 🌍 LANGUAGE MIDDLEWARE STARTED: {"telegramId":"144022504","telegramLanguage":"ru","hasSession":false}
2025-11-04 15:52:22 [INFO]: [LanguageMiddleware] 🌍 LANGUAGE MIDDLEWARE STARTED: {"telegramId":"144022504","telegramLanguage":"ru","hasSession":false}
2025-11-04 15:52:22 [INFO]: [LanguageMiddleware] 🌍 LANGUAGE MIDDLEWARE STARTED: {"telegramId":"144022504","telegramLanguage":"ru","hasSession":false}
2025-11-04 15:52:22 [INFO]: [LanguageMiddleware] 🌍 LANGUAGE MIDDLEWARE STARTED: {"telegramId":"144022504","telegramLanguage":"ru","hasSession":false}
2025-11-04 15:52:22 [INFO]: [LanguageMiddleware] 🌍 LANGUAGE MIDDLEWARE STARTED: {"telegramId":"144022504","telegramLanguage":"ru","hasSession":false}
2025-11-04 15:52:22 [INFO]: [LanguageMiddleware] 🌍 LANGUAGE MIDDLEWARE STARTED: {"telegramId":"144022504","telegramLanguage":"ru","hasSession":false}
2025-11-04 15:52:22 [INFO]: [LanguageMiddleware] 🌍 LANGUAGE MIDDLEWARE STARTED: {"telegramId":"144022504","telegramLanguage":"ru","hasSession":false}
2025-11-04 15:52:22 [INFO]: [LanguageMiddleware] 🌍 LANGUAGE MIDDLEWARE STARTED: {"telegramId":"144022504","telegramLanguage":"ru","hasSession":false}
2025-11-04 15:52:22 [INFO]: [LanguageMiddleware] 🌍 LANGUAGE MIDDLEWARE STARTED: {"telegramId":"144022504","telegramLanguage":"ru","hasSession":false}
2025-11-04 15:52:22 [INFO]: [LanguageMiddleware] ✅ DATABASE FOUND: ru {"telegramId":"144022504","source":"database","dbLanguage":"ru"}
2025-11-04 15:52:22 [INFO]: [LanguageMiddleware] 🎯 LANGUAGE SET: ru {"telegramId":"144022504","finalLanguage":"ru","source":"database"}
2025-11-04 15:52:22 [INFO]: >>> RAW UPDATE RECEIVED {"updateId":795535384,"updateType":"message","messageText":"/start"}
2025-11-04 15:52:22 [INFO]: [START] Starting with AI transformation demo first {"telegramId":144022504,"step":"command_start","chatType":"private","username":"neuro_sage"}
2025-11-04 15:52:22 [INFO]: [getUserDetailsSubscription v4.0 SIMPLE Start] Запрос деталей для User: 144022504 {"telegramId":"144022504"}
2025-11-04 15:52:22 [INFO]: 🔍 Получение баланса пользователя из БД (без кэша): {"description":"Getting user balance from database (no cache)","telegram_id":"144022504"}
2025-11-04 15:52:22 [INFO]: [LanguageMiddleware] ✅ DATABASE FOUND: ru {"telegramId":"144022504","source":"database","dbLanguage":"ru"}
2025-11-04 15:52:22 [INFO]: [LanguageMiddleware] 🎯 LANGUAGE SET: ru {"telegramId":"144022504","finalLanguage":"ru","source":"database"}
2025-11-04 15:52:22 [INFO]: >>> RAW UPDATE RECEIVED {"updateId":795535390,"updateType":"message","messageText":"/menu"}
2025-11-04 15:52:22 [INFO]: COMMAND /menu: Переход к главному меню {"telegramId":144022504}
2025-11-04 15:52:22 [INFO]: [getUserDetailsSubscription v4.0 SIMPLE Start] Запрос деталей для User: 144022504 {"telegramId":"144022504"}
2025-11-04 15:52:22 [INFO]: 🔍 Получение баланса пользователя из БД (без кэша): {"description":"Getting user balance from database (no cache)","telegram_id":"144022504"}
2025-11-04 15:52:23 [INFO]: ✅ Баланс пользователя получен из БД: {"description":"User balance retrieved from database","telegram_id":"144022504","stars":195925558.64}
2025-11-04 15:52:23 [INFO]: [getUserDetailsSubscription v4.0 SIMPLE Step 1 OK] Баланс: 195925558.64 {"telegramId":"144022504"}
2025-11-04 15:52:23 [INFO]: ✅ Баланс пользователя получен из БД: {"description":"User balance retrieved from database","telegram_id":"144022504","stars":195925558.64}
2025-11-04 15:52:23 [INFO]: [getUserDetailsSubscription v4.0 SIMPLE Step 1 OK] Баланс: 195925558.64 {"telegramId":"144022504"}
2025-11-04 15:52:23 [INFO]: [LanguageMiddleware] ✅ DATABASE FOUND: ru {"telegramId":"144022504","source":"database","dbLanguage":"ru"}
2025-11-04 15:52:23 [INFO]: [LanguageMiddleware] 🎯 LANGUAGE SET: ru {"telegramId":"144022504","finalLanguage":"ru","source":"database"}
2025-11-04 15:52:23 [INFO]: >>> RAW UPDATE RECEIVED {"updateId":795535391,"updateType":"message","messageText":"/start"}
2025-11-04 15:52:23 [INFO]: [START] Starting with AI transformation demo first {"telegramId":144022504,"step":"command_start","chatType":"private","username":"neuro_sage"}
2025-11-04 15:52:23 [INFO]: [getUserDetailsSubscription v4.0 SIMPLE Start] Запрос деталей для User: 144022504 {"telegramId":"144022504"}
2025-11-04 15:52:23 [INFO]: 🔍 Получение баланса пользователя из БД (без кэша): {"description":"Getting user balance from database (no cache)","telegram_id":"144022504"}
2025-11-04 15:52:23 [INFO]: [LanguageMiddleware] ✅ DATABASE FOUND: ru {"telegramId":"144022504","source":"database","dbLanguage":"ru"}
2025-11-04 15:52:23 [INFO]: [LanguageMiddleware] 🎯 LANGUAGE SET: ru {"telegramId":"144022504","finalLanguage":"ru","source":"database"}
2025-11-04 15:52:23 [INFO]: >>> RAW UPDATE RECEIVED {"updateId":795535387,"updateType":"message","messageText":"/start"}
2025-11-04 15:52:23 [INFO]: [START] Starting with AI transformation demo first {"telegramId":144022504,"step":"command_start","chatType":"private","username":"neuro_sage"}
2025-11-04 15:52:23 [INFO]: [getUserDetailsSubscription v4.0 SIMPLE Start] Запрос деталей для User: 144022504 {"telegramId":"144022504"}
2025-11-04 15:52:23 [INFO]: 🔍 Получение баланса пользователя из БД (без кэша): {"description":"Getting user balance from database (no cache)","telegram_id":"144022504"}
2025-11-04 15:52:23 [INFO]: [LanguageMiddleware] ✅ DATABASE FOUND: ru {"telegramId":"144022504","source":"database","dbLanguage":"ru"}
2025-11-04 15:52:23 [INFO]: [LanguageMiddleware] 🎯 LANGUAGE SET: ru {"telegramId":"144022504","finalLanguage":"ru","source":"database"}
2025-11-04 15:52:23 [INFO]: >>> RAW UPDATE RECEIVED {"updateId":795535386,"updateType":"message","messageText":"/menu"}
2025-11-04 15:52:23 [INFO]: COMMAND /menu: Переход к главному меню {"telegramId":144022504}
2025-11-04 15:52:23 [INFO]: [getUserDetailsSubscription v4.0 SIMPLE Start] Запрос деталей для User: 144022504 {"telegramId":"144022504"}
2025-11-04 15:52:23 [INFO]: 🔍 Получение баланса пользователя из БД (без кэша): {"description":"Getting user balance from database (no cache)","telegram_id":"144022504"}
2025-11-04 15:52:23 [INFO]: [LanguageMiddleware] ✅ DATABASE FOUND: ru {"telegramId":"144022504","source":"database","dbLanguage":"ru"}
2025-11-04 15:52:23 [INFO]: [LanguageMiddleware] 🎯 LANGUAGE SET: ru {"telegramId":"144022504","finalLanguage":"ru","source":"database"}
2025-11-04 15:52:23 [INFO]: >>> RAW UPDATE RECEIVED {"updateId":795535385,"updateType":"message","messageText":"/start"}
2025-11-04 15:52:23 [INFO]: [START] Starting with AI transformation demo first {"telegramId":144022504,"step":"command_start","chatType":"private","username":"neuro_sage"}
2025-11-04 15:52:23 [INFO]: [getUserDetailsSubscription v4.0 SIMPLE Start] Запрос деталей для User: 144022504 {"telegramId":"144022504"}
2025-11-04 15:52:23 [INFO]: 🔍 Получение баланса пользователя из БД (без кэша): {"description":"Getting user balance from database (no cache)","telegram_id":"144022504"}
2025-11-04 15:52:23 [INFO]: [LanguageMiddleware] ✅ DATABASE FOUND: ru {"telegramId":"144022504","source":"database","dbLanguage":"ru"}
2025-11-04 15:52:23 [INFO]: [LanguageMiddleware] 🎯 LANGUAGE SET: ru {"telegramId":"144022504","finalLanguage":"ru","source":"database"}
2025-11-04 15:52:23 [INFO]: >>> RAW UPDATE RECEIVED {"updateId":795535389,"updateType":"message","messageText":"/start"}
2025-11-04 15:52:23 [INFO]: [START] Starting with AI transformation demo first {"telegramId":144022504,"step":"command_start","chatType":"private","username":"neuro_sage"}
2025-11-04 15:52:23 [INFO]: [getUserDetailsSubscription v4.0 SIMPLE Start] Запрос деталей для User: 144022504 {"telegramId":"144022504"}
2025-11-04 15:52:23 [INFO]: 🔍 Получение баланса пользователя из БД (без кэша): {"description":"Getting user balance from database (no cache)","telegram_id":"144022504"}
2025-11-04 15:52:23 [INFO]: [LanguageMiddleware] ✅ DATABASE FOUND: ru {"telegramId":"144022504","source":"database","dbLanguage":"ru"}
2025-11-04 15:52:23 [INFO]: [LanguageMiddleware] 🎯 LANGUAGE SET: ru {"telegramId":"144022504","finalLanguage":"ru","source":"database"}
2025-11-04 15:52:23 [INFO]: >>> RAW UPDATE RECEIVED {"updateId":795535383,"updateType":"message","messageText":"/menu"}
2025-11-04 15:52:23 [INFO]: COMMAND /menu: Переход к главному меню {"telegramId":144022504}
2025-11-04 15:52:23 [INFO]: [getUserDetailsSubscription v4.0 SIMPLE Start] Запрос деталей для User: 144022504 {"telegramId":"144022504"}
2025-11-04 15:52:23 [INFO]: 🔍 Получение баланса пользователя из БД (без кэша): {"description":"Getting user balance from database (no cache)","telegram_id":"144022504"}
2025-11-04 15:52:23 [INFO]: [LanguageMiddleware] ✅ DATABASE FOUND: ru {"telegramId":"144022504","source":"database","dbLanguage":"ru"}
2025-11-04 15:52:23 [INFO]: [LanguageMiddleware] 🎯 LANGUAGE SET: ru {"telegramId":"144022504","finalLanguage":"ru","source":"database"}
2025-11-04 15:52:23 [INFO]: >>> RAW UPDATE RECEIVED {"updateId":795535392,"updateType":"message","messageText":"/start"}
2025-11-04 15:52:23 [INFO]: [START] Starting with AI transformation demo first {"telegramId":144022504,"step":"command_start","chatType":"private","username":"neuro_sage"}
2025-11-04 15:52:23 [INFO]: [getUserDetailsSubscription v4.0 SIMPLE Start] Запрос деталей для User: 144022504 {"telegramId":"144022504"}
2025-11-04 15:52:23 [INFO]: 🔍 Получение баланса пользователя из БД (без кэша): {"description":"Getting user balance from database (no cache)","telegram_id":"144022504"}
2025-11-04 15:52:23 [INFO]: [LanguageMiddleware] ✅ DATABASE FOUND: ru {"telegramId":"144022504","source":"database","dbLanguage":"ru"}
2025-11-04 15:52:23 [INFO]: [LanguageMiddleware] 🎯 LANGUAGE SET: ru {"telegramId":"144022504","finalLanguage":"ru","source":"database"}
2025-11-04 15:52:23 [INFO]: >>> RAW UPDATE RECEIVED {"updateId":795535388,"updateType":"message","messageText":"/menu"}
2025-11-04 15:52:23 [INFO]: COMMAND /menu: Переход к главному меню {"telegramId":144022504}
2025-11-04 15:52:23 [INFO]: [getUserDetailsSubscription v4.0 SIMPLE Start] Запрос деталей для User: 144022504 {"telegramId":"144022504"}
2025-11-04 15:52:23 [INFO]: 🔍 Получение баланса пользователя из БД (без кэша): {"description":"Getting user balance from database (no cache)","telegram_id":"144022504"}
2025-11-04 15:52:23 [INFO]: [getUserDetailsSubscription v4.0 SIMPLE Step 2 OK] Пользователь существует: true {"telegramId":"144022504"}
2025-11-04 15:52:23 [INFO]: [getUserDetailsSubscription v4.0 FIXED Finish] Результат {"telegramId":"144022504","details":{"id":0,"created_at":"","stars":195925558.64,"subscriptionType":"NEUROTESTER","isSubscriptionActive":true,"isExist":true,"subscriptionStartDate":"2025-11-04T08:52:23.350Z"}}
2025-11-04 15:52:23 [INFO]: [getUserLanguageFromState] 🎯 GETTING LANGUAGE FROM STATE: {"telegramId":"144022504","stateLanguage":"ru","telegramLanguage":"ru","hasState":true}
2025-11-04 15:52:23 [INFO]: [getUserLanguageFromState] ✅ Using STATE: ru {"telegramId":"144022504","source":"state"}
2025-11-04 15:52:23 [INFO]: [isRussianFromState] 🔍 RUSSIAN CHECK: {"telegramId":"144022504","language":"ru","isRussian":true,"source":"state"}
2025-11-04 15:52:23 [INFO]: [getUserDetailsSubscription v4.0 SIMPLE Step 2 OK] Пользователь существует: true {"telegramId":"144022504"}
2025-11-04 15:52:23 [INFO]: [getUserDetailsSubscription v4.0 FIXED Finish] Результат {"telegramId":"144022504","details":{"id":0,"created_at":"","stars":195925558.64,"subscriptionType":"NEUROTESTER","isSubscriptionActive":true,"isExist":true,"subscriptionStartDate":"2025-11-04T08:52:23.393Z"}}
2025-11-04 15:52:23 [INFO]: [DEV SIMULATION] Debug env variable {"DEV_SIMULATE_SUBSCRIPTION":"","originalSubscription":"NEUROTESTER"}
2025-11-04 15:52:23 [INFO]: [DEV SIMULATION] No simulation variable set, using original subscription {"original":"NEUROTESTER"}
2025-11-04 15:52:23 [INFO]: COMMAND /menu: Checking subscription {"telegramId":"144022504","originalSubscription":"NEUROTESTER","effectiveSubscription":"NEUROTESTER","isDev":true}
2025-11-04 15:52:23 [INFO]: [getUserLanguageFromState] 🎯 GETTING LANGUAGE FROM STATE: {"telegramId":"144022504","stateLanguage":"ru","telegramLanguage":"ru","hasState":true}
2025-11-04 15:52:23 [INFO]: [getUserLanguageFromState] ✅ Using STATE: ru {"telegramId":"144022504","source":"state"}
2025-11-04 15:52:23 [INFO]: [isRussianFromState] 🔍 RUSSIAN CHECK: {"telegramId":"144022504","language":"ru","isRussian":true,"source":"state"}
2025-11-04 15:52:23 [INFO]: ✅ Баланс пользователя получен из БД: {"description":"User balance retrieved from database","telegram_id":"144022504","stars":195925558.64}
2025-11-04 15:52:23 [INFO]: [getUserDetailsSubscription v4.0 SIMPLE Step 1 OK] Баланс: 195925558.64 {"telegramId":"144022504"}
2025-11-04 15:52:23 [INFO]: ✅ Баланс пользователя получен из БД: {"description":"User balance retrieved from database","telegram_id":"144022504","stars":195925558.64}
2025-11-04 15:52:23 [INFO]: [getUserDetailsSubscription v4.0 SIMPLE Step 1 OK] Баланс: 195925558.64 {"telegramId":"144022504"}
2025-11-04 15:52:23 [INFO]: ✅ Баланс пользователя получен из БД: {"description":"User balance retrieved from database","telegram_id":"144022504","stars":195925558.64}
2025-11-04 15:52:23 [INFO]: [getUserDetailsSubscription v4.0 SIMPLE Step 1 OK] Баланс: 195925558.64 {"telegramId":"144022504"}
2025-11-04 15:52:23 [INFO]: ✅ Баланс пользователя получен из БД: {"description":"User balance retrieved from database","telegram_id":"144022504","stars":195925558.64}
2025-11-04 15:52:23 [INFO]: [getUserDetailsSubscription v4.0 SIMPLE Step 1 OK] Баланс: 195925558.64 {"telegramId":"144022504"}
2025-11-04 15:52:23 [INFO]: ✅ Баланс пользователя получен из БД: {"description":"User balance retrieved from database","telegram_id":"144022504","stars":195925558.64}
2025-11-04 15:52:23 [INFO]: [getUserDetailsSubscription v4.0 SIMPLE Step 1 OK] Баланс: 195925558.64 {"telegramId":"144022504"}
2025-11-04 15:52:23 [INFO]: ✅ Баланс пользователя получен из БД: {"description":"User balance retrieved from database","telegram_id":"144022504","stars":195925558.64}
2025-11-04 15:52:23 [INFO]: [getUserDetailsSubscription v4.0 SIMPLE Step 1 OK] Баланс: 195925558.64 {"telegramId":"144022504"}
2025-11-04 15:52:23 [INFO]: ✅ Баланс пользователя получен из БД: {"description":"User balance retrieved from database","telegram_id":"144022504","stars":195925558.64}
2025-11-04 15:52:23 [INFO]: [getUserDetailsSubscription v4.0 SIMPLE Step 1 OK] Баланс: 195925558.64 {"telegramId":"144022504"}
2025-11-04 15:52:23 [INFO]: ✅ Баланс пользователя получен из БД: {"description":"User balance retrieved from database","telegram_id":"144022504","stars":195925558.64}
2025-11-04 15:52:23 [INFO]: [getUserDetailsSubscription v4.0 SIMPLE Step 1 OK] Баланс: 195925558.64 {"telegramId":"144022504"}
2025-11-04 15:52:23 [INFO]: [getUserLanguageFromState] 🎯 GETTING LANGUAGE FROM STATE: {"telegramId":"144022504","stateLanguage":"ru","telegramLanguage":"ru","hasState":true}
2025-11-04 15:52:23 [INFO]: [getUserLanguageFromState] ✅ Using STATE: ru {"telegramId":"144022504","source":"state"}
2025-11-04 15:52:23 [INFO]: [isRussianFromState] 🔍 RUSSIAN CHECK: {"telegramId":"144022504","language":"ru","isRussian":true,"source":"state"}
2025-11-04 15:52:23 [INFO]: [getUserLanguageFromState] 🎯 GETTING LANGUAGE FROM STATE: {"telegramId":"144022504","stateLanguage":"ru","telegramLanguage":"ru","hasState":true}
2025-11-04 15:52:23 [INFO]: [getUserLanguageFromState] ✅ Using STATE: ru {"telegramId":"144022504","source":"state"}
2025-11-04 15:52:23 [INFO]: [isRussianFromState] 🔍 RUSSIAN CHECK: {"telegramId":"144022504","language":"ru","isRussian":true,"source":"state"}
2025-11-04 15:52:23 [INFO]: [getUserDetailsSubscription v4.0 SIMPLE Step 2 OK] Пользователь существует: true {"telegramId":"144022504"}
2025-11-04 15:52:23 [INFO]: [getUserDetailsSubscription v4.0 FIXED Finish] Результат {"telegramId":"144022504","details":{"id":0,"created_at":"","stars":195925558.64,"subscriptionType":"NEUROTESTER","isSubscriptionActive":true,"isExist":true,"subscriptionStartDate":"2025-11-04T08:52:23.697Z"}}
2025-11-04 15:52:23 [INFO]: [getUserLanguageFromState] 🎯 GETTING LANGUAGE FROM STATE: {"telegramId":"144022504","stateLanguage":"ru","telegramLanguage":"ru","hasState":true}
2025-11-04 15:52:23 [INFO]: [getUserLanguageFromState] ✅ Using STATE: ru {"telegramId":"144022504","source":"state"}
2025-11-04 15:52:23 [INFO]: [isRussianFromState] 🔍 RUSSIAN CHECK: {"telegramId":"144022504","language":"ru","isRussian":true,"source":"state"}
2025-11-04 15:52:23 [INFO]: [getUserDetailsSubscription v4.0 SIMPLE Step 2 OK] Пользователь существует: true {"telegramId":"144022504"}
2025-11-04 15:52:23 [INFO]: [getUserDetailsSubscription v4.0 FIXED Finish] Результат {"telegramId":"144022504","details":{"id":0,"created_at":"","stars":195925558.64,"subscriptionType":"NEUROTESTER","isSubscriptionActive":true,"isExist":true,"subscriptionStartDate":"2025-11-04T08:52:23.713Z"}}
2025-11-04 15:52:23 [INFO]: [getUserLanguageFromState] 🎯 GETTING LANGUAGE FROM STATE: {"telegramId":"144022504","stateLanguage":"ru","telegramLanguage":"ru","hasState":true}
2025-11-04 15:52:23 [INFO]: [getUserLanguageFromState] ✅ Using STATE: ru {"telegramId":"144022504","source":"state"}
2025-11-04 15:52:23 [INFO]: [isRussianFromState] 🔍 RUSSIAN CHECK: {"telegramId":"144022504","language":"ru","isRussian":true,"source":"state"}
2025-11-04 15:52:23 [INFO]: [getUserDetailsSubscription v4.0 SIMPLE Step 2 OK] Пользователь существует: true {"telegramId":"144022504"}
2025-11-04 15:52:23 [INFO]: [getUserDetailsSubscription v4.0 FIXED Finish] Результат {"telegramId":"144022504","details":{"id":0,"created_at":"","stars":195925558.64,"subscriptionType":"NEUROTESTER","isSubscriptionActive":true,"isExist":true,"subscriptionStartDate":"2025-11-04T08:52:23.738Z"}}
2025-11-04 15:52:23 [INFO]: [DEV SIMULATION] Debug env variable {"DEV_SIMULATE_SUBSCRIPTION":"","originalSubscription":"NEUROTESTER"}
2025-11-04 15:52:23 [INFO]: [DEV SIMULATION] No simulation variable set, using original subscription {"original":"NEUROTESTER"}
2025-11-04 15:52:23 [INFO]: COMMAND /menu: Checking subscription {"telegramId":"144022504","originalSubscription":"NEUROTESTER","effectiveSubscription":"NEUROTESTER","isDev":true}
2025-11-04 15:52:23 [INFO]: [getUserLanguageFromState] 🎯 GETTING LANGUAGE FROM STATE: {"telegramId":"144022504","stateLanguage":"ru","telegramLanguage":"ru","hasState":true}
2025-11-04 15:52:23 [INFO]: [getUserLanguageFromState] ✅ Using STATE: ru {"telegramId":"144022504","source":"state"}
2025-11-04 15:52:23 [INFO]: [isRussianFromState] 🔍 RUSSIAN CHECK: {"telegramId":"144022504","language":"ru","isRussian":true,"source":"state"}
2025-11-04 15:52:23 [INFO]: [getUserDetailsSubscription v4.0 SIMPLE Step 2 OK] Пользователь существует: true {"telegramId":"144022504"}
2025-11-04 15:52:23 [INFO]: [getUserDetailsSubscription v4.0 FIXED Finish] Результат {"telegramId":"144022504","details":{"id":0,"created_at":"","stars":195925558.64,"subscriptionType":"NEUROTESTER","isSubscriptionActive":true,"isExist":true,"subscriptionStartDate":"2025-11-04T08:52:23.770Z"}}
2025-11-04 15:52:23 [INFO]: [DEV SIMULATION] Debug env variable {"DEV_SIMULATE_SUBSCRIPTION":"","originalSubscription":"NEUROTESTER"}
2025-11-04 15:52:23 [INFO]: [DEV SIMULATION] No simulation variable set, using original subscription {"original":"NEUROTESTER"}
2025-11-04 15:52:23 [INFO]: COMMAND /menu: Checking subscription {"telegramId":"144022504","originalSubscription":"NEUROTESTER","effectiveSubscription":"NEUROTESTER","isDev":true}
2025-11-04 15:52:23 [INFO]: [getUserLanguageFromState] 🎯 GETTING LANGUAGE FROM STATE: {"telegramId":"144022504","stateLanguage":"ru","telegramLanguage":"ru","hasState":true}
2025-11-04 15:52:23 [INFO]: [getUserLanguageFromState] ✅ Using STATE: ru {"telegramId":"144022504","source":"state"}
2025-11-04 15:52:23 [INFO]: [isRussianFromState] 🔍 RUSSIAN CHECK: {"telegramId":"144022504","language":"ru","isRussian":true,"source":"state"}
2025-11-04 15:52:23 [INFO]: [getUserDetailsSubscription v4.0 SIMPLE Step 2 OK] Пользователь существует: true {"telegramId":"144022504"}
2025-11-04 15:52:23 [INFO]: [getUserDetailsSubscription v4.0 FIXED Finish] Результат {"telegramId":"144022504","details":{"id":0,"created_at":"","stars":195925558.64,"subscriptionType":"NEUROTESTER","isSubscriptionActive":true,"isExist":true,"subscriptionStartDate":"2025-11-04T08:52:23.771Z"}}
2025-11-04 15:52:23 [INFO]: [DEV SIMULATION] Debug env variable {"DEV_SIMULATE_SUBSCRIPTION":"","originalSubscription":"NEUROTESTER"}
2025-11-04 15:52:23 [INFO]: [DEV SIMULATION] No simulation variable set, using original subscription {"original":"NEUROTESTER"}
2025-11-04 15:52:23 [INFO]: COMMAND /menu: Checking subscription {"telegramId":"144022504","originalSubscription":"NEUROTESTER","effectiveSubscription":"NEUROTESTER","isDev":true}
2025-11-04 15:52:23 [INFO]: [getUserLanguageFromState] 🎯 GETTING LANGUAGE FROM STATE: {"telegramId":"144022504","stateLanguage":"ru","telegramLanguage":"ru","hasState":true}
2025-11-04 15:52:23 [INFO]: [getUserLanguageFromState] ✅ Using STATE: ru {"telegramId":"144022504","source":"state"}
2025-11-04 15:52:23 [INFO]: [isRussianFromState] 🔍 RUSSIAN CHECK: {"telegramId":"144022504","language":"ru","isRussian":true,"source":"state"}
2025-11-04 15:52:23 [INFO]: [getUserDetailsSubscription v4.0 SIMPLE Step 2 OK] Пользователь существует: true {"telegramId":"144022504"}
2025-11-04 15:52:23 [INFO]: [getUserDetailsSubscription v4.0 FIXED Finish] Результат {"telegramId":"144022504","details":{"id":0,"created_at":"","stars":195925558.64,"subscriptionType":"NEUROTESTER","isSubscriptionActive":true,"isExist":true,"subscriptionStartDate":"2025-11-04T08:52:23.774Z"}}
2025-11-04 15:52:23 [INFO]: [getUserLanguageFromState] 🎯 GETTING LANGUAGE FROM STATE: {"telegramId":"144022504","stateLanguage":"ru","telegramLanguage":"ru","hasState":true}
2025-11-04 15:52:23 [INFO]: [getUserLanguageFromState] ✅ Using STATE: ru {"telegramId":"144022504","source":"state"}
2025-11-04 15:52:23 [INFO]: [isRussianFromState] 🔍 RUSSIAN CHECK: {"telegramId":"144022504","language":"ru","isRussian":true,"source":"state"}
2025-11-04 15:52:23 [INFO]: [getUserDetailsSubscription v4.0 SIMPLE Step 2 OK] Пользователь существует: true {"telegramId":"144022504"}
2025-11-04 15:52:23 [INFO]: [getUserDetailsSubscription v4.0 FIXED Finish] Результат {"telegramId":"144022504","details":{"id":0,"created_at":"","stars":195925558.64,"subscriptionType":"NEUROTESTER","isSubscriptionActive":true,"isExist":true,"subscriptionStartDate":"2025-11-04T08:52:23.774Z"}}
2025-11-04 15:52:23 [INFO]: [getUserLanguageFromState] 🎯 GETTING LANGUAGE FROM STATE: {"telegramId":"144022504","stateLanguage":"ru","telegramLanguage":"ru","hasState":true}
2025-11-04 15:52:23 [INFO]: [getUserLanguageFromState] ✅ Using STATE: ru {"telegramId":"144022504","source":"state"}
2025-11-04 15:52:23 [INFO]: [isRussianFromState] 🔍 RUSSIAN CHECK: {"telegramId":"144022504","language":"ru","isRussian":true,"source":"state"}
2025-11-04 15:52:23 [INFO]: [getUserDetailsSubscription v4.0 SIMPLE Step 2 OK] Пользователь существует: true {"telegramId":"144022504"}
2025-11-04 15:52:23 [INFO]: [getUserDetailsSubscription v4.0 FIXED Finish] Результат {"telegramId":"144022504","details":{"id":0,"created_at":"","stars":195925558.64,"subscriptionType":"NEUROTESTER","isSubscriptionActive":true,"isExist":true,"subscriptionStartDate":"2025-11-04T08:52:23.775Z"}}
2025-11-04 15:52:23 [INFO]: [getUserLanguageFromState] 🎯 GETTING LANGUAGE FROM STATE: {"telegramId":"144022504","stateLanguage":"ru","telegramLanguage":"ru","hasState":true}
2025-11-04 15:52:23 [INFO]: [getUserLanguageFromState] ✅ Using STATE: ru {"telegramId":"144022504","source":"state"}
2025-11-04 15:52:23 [INFO]: [isRussianFromState] 🔍 RUSSIAN CHECK: {"telegramId":"144022504","language":"ru","isRussian":true,"source":"state"}
2025-11-04 15:52:23 [INFO]: [getUserLanguageFromState] 🎯 GETTING LANGUAGE FROM STATE: {"telegramId":"144022504","stateLanguage":"ru","telegramLanguage":"ru","hasState":true}
2025-11-04 15:52:23 [INFO]: [getUserLanguageFromState] ✅ Using STATE: ru {"telegramId":"144022504","source":"state"}
2025-11-04 15:52:23 [INFO]: [isRussianFromState] 🔍 RUSSIAN CHECK: {"telegramId":"144022504","language":"ru","isRussian":true,"source":"state"}
2025-11-04 15:52:23 [INFO]: [getUserLanguageFromState] 🎯 GETTING LANGUAGE FROM STATE: {"telegramId":"144022504","stateLanguage":"ru","telegramLanguage":"ru","hasState":true}
2025-11-04 15:52:23 [INFO]: [getUserLanguageFromState] ✅ Using STATE: ru {"telegramId":"144022504","source":"state"}
2025-11-04 15:52:23 [INFO]: [isRussianFromState] 🔍 RUSSIAN CHECK: {"telegramId":"144022504","language":"ru","isRussian":true,"source":"state"}
2025-11-04 15:52:23 [INFO]: [getUserLanguageFromState] 🎯 GETTING LANGUAGE FROM STATE: {"telegramId":"144022504","stateLanguage":"ru","telegramLanguage":"ru","hasState":true}
2025-11-04 15:52:23 [INFO]: [getUserLanguageFromState] ✅ Using STATE: ru {"telegramId":"144022504","source":"state"}
2025-11-04 15:52:23 [INFO]: [isRussianFromState] 🔍 RUSSIAN CHECK: {"telegramId":"144022504","language":"ru","isRussian":true,"source":"state"}
2025-11-04 15:52:23 [INFO]: [getUserLanguageFromState] 🎯 GETTING LANGUAGE FROM STATE: {"telegramId":"144022504","stateLanguage":"ru","telegramLanguage":"ru","hasState":true}
2025-11-04 15:52:23 [INFO]: [getUserLanguageFromState] ✅ Using STATE: ru {"telegramId":"144022504","source":"state"}
2025-11-04 15:52:23 [INFO]: [isRussianFromState] 🔍 RUSSIAN CHECK: {"telegramId":"144022504","language":"ru","isRussian":true,"source":"state"}
2025-11-04 15:52:24 [INFO]: [getUserLanguageFromState] 🎯 GETTING LANGUAGE FROM STATE: {"telegramId":"144022504","stateLanguage":"ru","telegramLanguage":"ru","hasState":true}
2025-11-04 15:52:24 [INFO]: [getUserLanguageFromState] ✅ Using STATE: ru {"telegramId":"144022504","source":"state"}
2025-11-04 15:52:24 [INFO]: [isRussianFromState] 🔍 RUSSIAN CHECK: {"telegramId":"144022504","language":"ru","isRussian":true,"source":"state"}
2025-11-04 15:52:24 [INFO]: [getUserLanguageFromState] 🎯 GETTING LANGUAGE FROM STATE: {"telegramId":"144022504","stateLanguage":"ru","telegramLanguage":"ru","hasState":true}
2025-11-04 15:52:24 [INFO]: [getUserLanguageFromState] ✅ Using STATE: ru {"telegramId":"144022504","source":"state"}
2025-11-04 15:52:24 [INFO]: [isRussianFromState] 🔍 RUSSIAN CHECK: {"telegramId":"144022504","language":"ru","isRussian":true,"source":"state"}
2025-11-04 15:52:24 [INFO]: [getUserLanguageFromState] 🎯 GETTING LANGUAGE FROM STATE: {"telegramId":"144022504","stateLanguage":"ru","telegramLanguage":"ru","hasState":true}
2025-11-04 15:52:24 [INFO]: [getUserLanguageFromState] ✅ Using STATE: ru {"telegramId":"144022504","source":"state"}
2025-11-04 15:52:24 [INFO]: [isRussianFromState] 🔍 RUSSIAN CHECK: {"telegramId":"144022504","language":"ru","isRussian":true,"source":"state"}
2025-11-04 15:52:24 [INFO]: [getUserLanguageFromState] 🎯 GETTING LANGUAGE FROM STATE: {"telegramId":"144022504","stateLanguage":"ru","telegramLanguage":"ru","hasState":true}
2025-11-04 15:52:24 [INFO]: [getUserLanguageFromState] ✅ Using STATE: ru {"telegramId":"144022504","source":"state"}
2025-11-04 15:52:24 [INFO]: [isRussianFromState] 🔍 RUSSIAN CHECK: {"telegramId":"144022504","language":"ru","isRussian":true,"source":"state"}
2025-11-04 15:52:36 [INFO]: [LanguageMiddleware] 🌍 LANGUAGE MIDDLEWARE STARTED: {"telegramId":"144022504","telegramLanguage":"ru","hasSession":true}
2025-11-04 15:52:37 [INFO]: [LanguageMiddleware] ✅ DATABASE FOUND: ru {"telegramId":"144022504","source":"database","dbLanguage":"ru"}
2025-11-04 15:52:37 [INFO]: [LanguageMiddleware] 🎯 LANGUAGE SET: ru {"telegramId":"144022504","finalLanguage":"ru","source":"database"}
2025-11-04 15:52:37 [INFO]: >>> RAW UPDATE RECEIVED {"updateId":795535393,"updateType":"message","messageText":"🤖 Выбор модели ИИ"}
2025-11-04 15:52:37 [INFO]: [getUserLanguageFromState] 🎯 GETTING LANGUAGE FROM STATE: {"telegramId":"144022504","stateLanguage":"ru","telegramLanguage":"ru","hasState":true}
2025-11-04 15:52:37 [INFO]: [getUserLanguageFromState] ✅ Using STATE: ru {"telegramId":"144022504","source":"state"}
2025-11-04 15:52:37 [INFO]: [isRussianFromState] 🔍 RUSSIAN CHECK: {"telegramId":"144022504","language":"ru","isRussian":true,"source":"state"}
2025-11-04 15:52:37 [INFO]: [SubscriptionGuard] 🤖 Выбор модели ИИ: ADMIN ACCESS GRANTED {"telegramId":"144022504","command":"🤖 Выбор модели ИИ","adminId":144022504,"bypass":"subscription_check"}
2025-11-04 15:52:37 [INFO]: 🚀 [CheckBalanceScene] Вход в сцену проверки баланса {"telegramId":"144022504","function":"checkBalanceScene.enter","sessionMode":"select_model","sessionData":"{\"__scenes\":{\"current\":\"check_balance_scene\",\"state\":{}},\"mode\":\"select_model\",\"prompt\":\"\",\"selectedModel\":\"\",\"userModel\":{\"model_name\":\"\",\"trigger_word\":\"\",\"model_url\":\"placeholder/placeholder:placeholder\",\"finetune_id\":\"\"},\"targetUserId\":0,\"steps\":0,\"selectedSize\":\"\",\"subscription\":\"STARS\",\"selectedPayment\":{\"amount\":0,\"stars\":0,\"subscription\":\"STARS\",\"type\":\"MONEY_OUTCOME\"},\"videoUrl\":\"\",\"imageUrl\":\"\",\"audioUrl\":\"\",\"email\":\"\",\"cursor\":0,\"images\":[],\"memory\":{\"messages\":[]},\"attempts\":0,\"amount\":0,\"modelName\":\"\",\"triggerWord\":\"\",\"videoModel\":\"\",\"translations\":[],\"buttons\":[],\"neuroPhotoInitialized\":false,\"lastStartCommand\":0}"}
2025-11-04 15:52:37 [INFO]: [getUserLanguageFromState] 🎯 GETTING LANGUAGE FROM STATE: {"telegramId":"144022504","stateLanguage":"ru","telegramLanguage":"ru","hasState":true}
2025-11-04 15:52:37 [INFO]: [getUserLanguageFromState] ✅ Using STATE: ru {"telegramId":"144022504","source":"state"}
2025-11-04 15:52:37 [INFO]: [isRussianFromState] 🔍 RUSSIAN CHECK: {"telegramId":"144022504","language":"ru","isRussian":true,"source":"state"}
2025-11-04 15:52:37 [INFO]: [CheckBalanceScene] IMMEDIATE ACCESS: Admin 144022504 bypassing all checks {"telegramId":"144022504","function":"checkBalanceScene.enter","step":"admin_immediate_access","mode":"select_model"}
2025-11-04 15:52:37 [INFO]: [EnterTargetSceneWrapper] 🚀 НАЧАЛО: Попытка входа в режим select_model {"telegramId":"144022504","mode":"select_model","cost":0,"function":"enterTargetSceneWrapper"}
2025-11-04 15:52:37 [INFO]: [getUserDetailsSubscription v4.0 SIMPLE Start] Запрос деталей для User: 144022504 {"telegramId":"144022504"}
2025-11-04 15:52:37 [INFO]: 🔍 Получение баланса пользователя из БД (без кэша): {"description":"Getting user balance from database (no cache)","telegram_id":"144022504"}
2025-11-04 15:52:37 [INFO]: ✅ Баланс пользователя получен из БД: {"description":"User balance retrieved from database","telegram_id":"144022504","stars":195925558.64}
2025-11-04 15:52:37 [INFO]: [getUserDetailsSubscription v4.0 SIMPLE Step 1 OK] Баланс: 195925558.64 {"telegramId":"144022504"}
2025-11-04 15:52:37 [INFO]: [getUserDetailsSubscription v4.0 SIMPLE Step 2 OK] Пользователь существует: true {"telegramId":"144022504"}
2025-11-04 15:52:37 [INFO]: [getUserDetailsSubscription v4.0 FIXED Finish] Результат {"telegramId":"144022504","details":{"id":0,"created_at":"","stars":195925558.64,"subscriptionType":"NEUROTESTER","isSubscriptionActive":true,"isExist":true,"subscriptionStartDate":"2025-11-04T08:52:37.532Z"}}
2025-11-04 15:52:37 [INFO]: [EnterTargetSceneWrapper] Режим select_model бесплатный, звезды не списываются {"telegramId":"144022504","mode":"select_model","function":"enterTargetSceneWrapper"}
2025-11-04 15:52:37 [INFO]: [EnterTargetSceneWrapper] ✅ Доступ разрешен, переход к обработчику {"telegramId":"144022504","mode":"select_model","function":"enterTargetSceneWrapper"}
2025-11-04 15:52:37 [INFO]: [EnterTargetSceneWrapper] ✅ Переход в целевую сцену select_model {"telegramId":"144022504","mode":"select_model","function":"enterTargetSceneWrapper"}
2025-11-04 15:52:37 [INFO]: [EnterTargetSceneWrapper] 🎯 ПЕРЕХОД В СЦЕНУ: select_model {"telegramId":"144022504","mode":"select_model","function":"enterTargetSceneWrapper"}
2025-11-04 15:52:37 [INFO]: 🎯 [EnterTargetSceneWrapper] ВЫЗЫВАЕМ ctx.scene.enter для режима: select_model {"telegramId":"144022504","mode":"select_model","currentScene":"check_balance_scene","function":"enterTargetSceneWrapper","step":"calling_scene_enter"}
2025-11-04 15:52:37 [INFO]: [getUserLanguageFromState] 🎯 GETTING LANGUAGE FROM STATE: {"telegramId":"144022504","stateLanguage":"ru","telegramLanguage":"ru","hasState":true}
2025-11-04 15:52:37 [INFO]: [getUserLanguageFromState] ✅ Using STATE: ru {"telegramId":"144022504","source":"state"}
2025-11-04 15:52:37 [INFO]: [isRussianFromState] 🔍 RUSSIAN CHECK: {"telegramId":"144022504","language":"ru","isRussian":true,"source":"state"}
2025-11-04 15:52:37 [INFO]: ✅ [EnterTargetSceneWrapper] ctx.scene.enter ЗАВЕРШЁН для режима: select_model {"telegramId":"144022504","mode":"select_model","newScene":"select_model","function":"enterTargetSceneWrapper","step":"scene_enter_completed"}
2025-11-04 15:52:37 [INFO]: [EnterTargetSceneWrapper] ✅ ЗАВЕРШЕНИЕ: Переход в сцену select_model выполнен {"telegramId":"144022504","mode":"select_model","function":"enterTargetSceneWrapper"}
